// Jest Snapshot v1, https://goo.gl/fbAQLP

exports[`extract-code plugin works on compile file 1`] = `
"Some snippets

\`\`\`lisp
foo
\`\`\`

    prefix

    foo
"
`;

exports[`extract-code plugin works on meta file 1`] = `
"Testing meta

\`\`\`fail skip foo
don't run this
\`\`\`

next, broken

\`\`\`fail ignore-errors foo
ignore errors
\`\`\`

    Error: fail

missing lang meta

\`\`\`fail
fail
\`\`\`

prefix

\`\`\`lisp prefix

\`\`\`

    prefix

\`\`\`lisp prefix
prefix
\`\`\`

    prefix
"
`;

exports[`extract-code plugin works on nodebin file 1`] = `
"Some snippets

\`\`\`ts
let x = 0
\`\`\`

next, broken

\`\`\`ts ignore-errors
sadfj asd fasdf
\`\`\`

    input.ts(1,1): error TS1434: Unexpected keyword or identifier.
    input.ts(1,7): error TS1434: Unexpected keyword or identifier.
"
`;
