// Jest Snapshot v1, https://goo.gl/fbAQLP

exports[`extract-code plugin works on snippet file 1`] = `
"Some snippets

\`\`\`js
let snippet1
\`\`\`

next

\`\`\`js
let snippet2
\`\`\`

And last

\`\`\`js
let snippet3
\`\`\`
"
`;
