// Jest Snapshot v1, https://goo.gl/fbAQLP

exports[`compile-code plugin works on compile file 1`] = `
"Some snippets

test.md

this is imported.

Missing 



More snippets
"
`;
